<?xml version="1.0" encoding="utf-8"?><testsuites name="pytest tests"><testsuite name="pytest" errors="0" failures="0" skipped="0" tests="53" time="1.527" timestamp="2025-12-07T23:58:31.897911-05:00" hostname="LUISF"><testcase classname="tests.test_categories_blueprint.TestCategoriesBlueprint" name="test_get_categories_unauthorized" time="0.455" /><testcase classname="tests.test_categories_blueprint.TestCategoriesBlueprint" name="test_create_category_validation_error" time="0.025" /><testcase classname="tests.test_categories_blueprint.TestCategoriesBlueprint" name="test_create_category_success" time="0.023" /><testcase classname="tests.test_categories_blueprint.TestCategoriesBlueprint" name="test_create_category_missing_name" time="0.023" /><testcase classname="tests.test_category_service.TestCategoryService" name="test_get_all_categories" time="0.004" /><testcase classname="tests.test_category_service.TestCategoryService" name="test_get_category_by_id" time="0.006" /><testcase classname="tests.test_category_service.TestCategoryService" name="test_create_category_valid" time="0.008" /><testcase classname="tests.test_category_service.TestCategoryService" name="test_create_category_invalid_name" time="0.033" /><testcase classname="tests.test_category_service.TestCategoryService" name="test_create_category_duplicate_name" time="0.004" /><testcase classname="tests.test_favorite_service.TestFavoriteService" name="test_get_all_favorites" time="0.007" /><testcase classname="tests.test_favorite_service.TestFavoriteService" name="test_add_favorite_valid" time="0.009" /><testcase classname="tests.test_favorite_service.TestFavoriteService" name="test_add_favorite_invalid_user_id" time="0.041" /><testcase classname="tests.test_favorite_service.TestFavoriteService" name="test_add_favorite_invalid_product_id" time="0.006" /><testcase classname="tests.test_favorites_blueprint.TestFavoritesBlueprint" name="test_get_favorites_unauthorized" time="0.004" /><testcase classname="tests.test_favorites_blueprint.TestFavoritesBlueprint" name="test_add_favorite_validation_error" time="0.004" /><testcase classname="tests.test_favorites_blueprint.TestFavoritesBlueprint" name="test_add_favorite_success" time="0.009" /><testcase classname="tests.test_favorites_blueprint.TestFavoritesBlueprint" name="test_add_favorite_missing_fields" time="0.004" /><testcase classname="tests.test_product_service.TestProductService" name="test_get_all_products" time="0.030" /><testcase classname="tests.test_product_service.TestProductService" name="test_get_product_by_id" time="0.004" /><testcase classname="tests.test_product_service.TestProductService" name="test_create_product_valid" time="0.010" /><testcase classname="tests.test_product_service.TestProductService" name="test_create_product_invalid_name" time="0.031" /><testcase classname="tests.test_product_service.TestProductService" name="test_create_product_invalid_price" time="0.005" /><testcase classname="tests.test_product_service.TestProductService" name="test_create_product_invalid_category" time="0.006" /><testcase classname="tests.test_products_blueprint.TestProductsBlueprint" name="test_get_products_unauthorized" time="0.003" /><testcase classname="tests.test_products_blueprint.TestProductsBlueprint" name="test_get_products_success" time="0.005" /><testcase classname="tests.test_products_blueprint.TestProductsBlueprint" name="test_create_product_validation_error" time="0.005" /><testcase classname="tests.test_products_blueprint.TestProductsBlueprint" name="test_create_product_missing_fields" time="0.008" /><testcase classname="tests.test_validation_handlers.TestTypeValidator" name="test_handle_valid_data" time="0.002" /><testcase classname="tests.test_validation_handlers.TestTypeValidator" name="test_handle_invalid_name_type" time="0.001" /><testcase classname="tests.test_validation_handlers.TestTypeValidator" name="test_handle_invalid_price_type" time="0.001" /><testcase classname="tests.test_validation_handlers.TestTypeValidator" name="test_handle_invalid_user_id_type" time="0.003" /><testcase classname="tests.test_validation_handlers.TestRangeValidator" name="test_handle_valid_data" time="0.001" /><testcase classname="tests.test_validation_handlers.TestRangeValidator" name="test_handle_empty_name" time="0.001" /><testcase classname="tests.test_validation_handlers.TestRangeValidator" name="test_handle_negative_price" time="0.001" /><testcase classname="tests.test_validation_handlers.TestRangeValidator" name="test_handle_negative_user_id" time="0.001" /><testcase classname="tests.test_validation_handlers.TestRangeValidator" name="test_handle_negative_product_id" time="0.001" /><testcase classname="tests.test_validation_handlers.TestExistenceValidator" name="test_handle_existing_category" time="0.004" /><testcase classname="tests.test_validation_handlers.TestExistenceValidator" name="test_handle_nonexistent_category" time="0.002" /><testcase classname="tests.test_validation_handlers.TestExistenceValidator" name="test_handle_existing_product" time="0.002" /><testcase classname="tests.test_validation_handlers.TestExistenceValidator" name="test_handle_nonexistent_product" time="0.004" /><testcase classname="tests.test_validation_handlers.TestUniquenessValidator" name="test_handle_unique_category" time="0.003" /><testcase classname="tests.test_validation_handlers.TestUniquenessValidator" name="test_handle_duplicate_category" time="0.003" /><testcase classname="tests.test_validation_strategies.TestProductValidationStrategy" name="test_validate_valid_product" time="0.004" /><testcase classname="tests.test_validation_strategies.TestProductValidationStrategy" name="test_validate_invalid_name" time="0.004" /><testcase classname="tests.test_validation_strategies.TestProductValidationStrategy" name="test_validate_invalid_price" time="0.003" /><testcase classname="tests.test_validation_strategies.TestProductValidationStrategy" name="test_validate_invalid_category" time="0.009" /><testcase classname="tests.test_validation_strategies.TestProductValidationStrategy" name="test_validate_duplicate_product" time="0.003" /><testcase classname="tests.test_validation_strategies.TestCategoryValidationStrategy" name="test_validate_valid_category" time="0.003" /><testcase classname="tests.test_validation_strategies.TestCategoryValidationStrategy" name="test_validate_invalid_name" time="0.003" /><testcase classname="tests.test_validation_strategies.TestCategoryValidationStrategy" name="test_validate_duplicate_category" time="0.003" /><testcase classname="tests.test_validation_strategies.TestFavoriteValidationStrategy" name="test_validate_valid_favorite" time="0.003" /><testcase classname="tests.test_validation_strategies.TestFavoriteValidationStrategy" name="test_validate_invalid_user_id" time="0.002" /><testcase classname="tests.test_validation_strategies.TestFavoriteValidationStrategy" name="test_validate_invalid_product_id" time="0.003" /></testsuite></testsuites>